[0;1;33m[2J
[31mДДДДДДДДДДДДДДДДДДДДДДДДДДДДДДДДДДДДДДДДДДДДДДДДДДДДДДДДДДДДДДДДДДДДДДДДДДДДДДД
[34mЯЯЫЯЯ Ы   Ы     Ы   Ы Ы ЫЯЯЯ Ы     Ы ЫЯЯЯ ЫЯЯЯЬ     [36mversion O.O4[6C[31m<[0;31m>
  [1;34mЫ    Ы Ы[7CЫ Ы  Ы ЫЯЯ   Ы Ы Ы  ЫЯЯ  ЫЯЯЯЬ     [33m(c) Envy Tech   [32m<[0;32m>  [1;36m<[0;36m>
  [1;34mЫ     Ы[9CЫ   Ы ЫЬЬЬ   Ы Ы   ЫЬЬЬ Ы   Ы[6C[32mDamien Guard     [35m<[0;35m>
[1;31mДДДДДДДДДДДДДДДДДДДДДДДДДДДДДДДДДДДДДДДДДДДДДДДДДДДДДДДДДДДДДДДДДДДДДДДДДДДДДДД

   Channel    [32mStart  [36mEnd    [33mProgramme[0m